
> niri-backend@1.0.0 start
> nest start

🔄 Starting NIRI Backend API...
[Nest] 47456  - 10/11/2025, 8:51:33 PM     LOG [NestFactory] Starting Nest application...
[Nest] 47456  - 10/11/2025, 8:51:33 PM     LOG [InstanceLoader] TypeOrmModule dependencies initialized +11ms
[Nest] 47456  - 10/11/2025, 8:51:33 PM     LOG [InstanceLoader] PassportModule dependencies initialized +0ms
[Nest] 47456  - 10/11/2025, 8:51:33 PM     LOG [InstanceLoader] ConfigHostModule dependencies initialized +0ms
[Nest] 47456  - 10/11/2025, 8:51:33 PM     LOG [InstanceLoader] ClsModule dependencies initialized +1ms
[Nest] 47456  - 10/11/2025, 8:51:33 PM     LOG [InstanceLoader] ConfigModule dependencies initialized +0ms
[Nest] 47456  - 10/11/2025, 8:51:33 PM     LOG [InstanceLoader] ConfigModule dependencies initialized +0ms
[Nest] 47456  - 10/11/2025, 8:51:33 PM     LOG [S3StorageStrategy] S3 Storage Strategy initialized for bucket: undefined
[Nest] 47456  - 10/11/2025, 8:51:33 PM     LOG [StorageService] Storage service initialized with strategy: local
[Nest] 47456  - 10/11/2025, 8:51:33 PM     LOG [InstanceLoader] JwtModule dependencies initialized +0ms
[Nest] 47456  - 10/11/2025, 8:51:33 PM     LOG [InstanceLoader] StorageModule dependencies initialized +24ms
[Nest] 47456  - 10/11/2025, 8:51:33 PM     LOG [LocalStorageStrategy] Storage directory ensured: ./uploads
query: SELECT version()
query: SELECT * FROM current_schema()
query: CREATE EXTENSION IF NOT EXISTS "uuid-ossp"
query: START TRANSACTION
query: SELECT * FROM current_schema()
query: SELECT * FROM current_database()
query: SELECT "table_schema", "table_name", obj_description(('"' || "table_schema" || '"."' || "table_name" || '"')::regclass, 'pg_class') AS table_comment FROM "information_schema"."tables" WHERE ("table_schema" = 'public' AND "table_name" = 'users') OR ("table_schema" = 'public' AND "table_name" = 'final_scores') OR ("table_schema" = 'public' AND "table_name" = 'submissions') OR ("table_schema" = 'public' AND "table_name" = 'audit_logs')
query: SELECT TRUE FROM information_schema.columns WHERE table_name = 'pg_class' and column_name = 'relispartition'
query: SELECT columns.*, pg_catalog.col_description(('"' || table_catalog || '"."' || table_schema || '"."' || table_name || '"')::regclass::oid, ordinal_position) AS description, ('"' || "udt_schema" || '"."' || "udt_name" || '"')::"regtype"::text AS "regtype", pg_catalog.format_type("col_attr"."atttypid", "col_attr"."atttypmod") AS "format_type" FROM "information_schema"."columns" LEFT JOIN "pg_catalog"."pg_attribute" AS "col_attr" ON "col_attr"."attname" = "columns"."column_name" AND "col_attr"."attrelid" = ( SELECT "cls"."oid" FROM "pg_catalog"."pg_class" AS "cls" LEFT JOIN "pg_catalog"."pg_namespace" AS "ns" ON "ns"."oid" = "cls"."relnamespace" WHERE "cls"."relname" = "columns"."table_name" AND "ns"."nspname" = "columns"."table_schema" ) WHERE ("table_schema" = 'public' AND "table_name" = 'users') OR ("table_schema" = 'public' AND "table_name" = 'submissions') OR ("table_schema" = 'public' AND "table_name" = 'final_scores') OR ("table_schema" = 'public' AND "table_name" = 'audit_logs')
query: SELECT "ns"."nspname" AS "table_schema", "t"."relname" AS "table_name", "cnst"."conname" AS "constraint_name", pg_get_constraintdef("cnst"."oid") AS "expression", CASE "cnst"."contype" WHEN 'p' THEN 'PRIMARY' WHEN 'u' THEN 'UNIQUE' WHEN 'c' THEN 'CHECK' WHEN 'x' THEN 'EXCLUDE' END AS "constraint_type", "a"."attname" AS "column_name" FROM "pg_constraint" "cnst" INNER JOIN "pg_class" "t" ON "t"."oid" = "cnst"."conrelid" INNER JOIN "pg_namespace" "ns" ON "ns"."oid" = "cnst"."connamespace" LEFT JOIN "pg_attribute" "a" ON "a"."attrelid" = "cnst"."conrelid" AND "a"."attnum" = ANY ("cnst"."conkey") WHERE "t"."relkind" IN ('r', 'p') AND (("ns"."nspname" = 'public' AND "t"."relname" = 'users') OR ("ns"."nspname" = 'public' AND "t"."relname" = 'submissions') OR ("ns"."nspname" = 'public' AND "t"."relname" = 'final_scores') OR ("ns"."nspname" = 'public' AND "t"."relname" = 'audit_logs'))
query: SELECT "ns"."nspname" AS "table_schema", "t"."relname" AS "table_name", "i"."relname" AS "constraint_name", "a"."attname" AS "column_name", CASE "ix"."indisunique" WHEN 't' THEN 'TRUE' ELSE'FALSE' END AS "is_unique", pg_get_expr("ix"."indpred", "ix"."indrelid") AS "condition", "types"."typname" AS "type_name", "am"."amname" AS "index_type" FROM "pg_class" "t" INNER JOIN "pg_index" "ix" ON "ix"."indrelid" = "t"."oid" INNER JOIN "pg_attribute" "a" ON "a"."attrelid" = "t"."oid"  AND "a"."attnum" = ANY ("ix"."indkey") INNER JOIN "pg_namespace" "ns" ON "ns"."oid" = "t"."relnamespace" INNER JOIN "pg_class" "i" ON "i"."oid" = "ix"."indexrelid" INNER JOIN "pg_type" "types" ON "types"."oid" = "a"."atttypid" INNER JOIN "pg_am" "am" ON "i"."relam" = "am"."oid" LEFT JOIN "pg_constraint" "cnst" ON "cnst"."conname" = "i"."relname" WHERE "t"."relkind" IN ('r', 'p') AND "cnst"."contype" IS NULL AND (("ns"."nspname" = 'public' AND "t"."relname" = 'users') OR ("ns"."nspname" = 'public' AND "t"."relname" = 'submissions') OR ("ns"."nspname" = 'public' AND "t"."relname" = 'final_scores') OR ("ns"."nspname" = 'public' AND "t"."relname" = 'audit_logs'))
query: SELECT "con"."conname" AS "constraint_name", "con"."nspname" AS "table_schema", "con"."relname" AS "table_name", "att2"."attname" AS "column_name", "ns"."nspname" AS "referenced_table_schema", "cl"."relname" AS "referenced_table_name", "att"."attname" AS "referenced_column_name", "con"."confdeltype" AS "on_delete", "con"."confupdtype" AS "on_update", "con"."condeferrable" AS "deferrable", "con"."condeferred" AS "deferred" FROM ( SELECT UNNEST ("con1"."conkey") AS "parent", UNNEST ("con1"."confkey") AS "child", "con1"."confrelid", "con1"."conrelid", "con1"."conname", "con1"."contype", "ns"."nspname", "cl"."relname", "con1"."condeferrable", CASE WHEN "con1"."condeferred" THEN 'INITIALLY DEFERRED' ELSE 'INITIALLY IMMEDIATE' END as condeferred, CASE "con1"."confdeltype" WHEN 'a' THEN 'NO ACTION' WHEN 'r' THEN 'RESTRICT' WHEN 'c' THEN 'CASCADE' WHEN 'n' THEN 'SET NULL' WHEN 'd' THEN 'SET DEFAULT' END as "confdeltype", CASE "con1"."confupdtype" WHEN 'a' THEN 'NO ACTION' WHEN 'r' THEN 'RESTRICT' WHEN 'c' THEN 'CASCADE' WHEN 'n' THEN 'SET NULL' WHEN 'd' THEN 'SET DEFAULT' END as "confupdtype" FROM "pg_class" "cl" INNER JOIN "pg_namespace" "ns" ON "cl"."relnamespace" = "ns"."oid" INNER JOIN "pg_constraint" "con1" ON "con1"."conrelid" = "cl"."oid" WHERE "con1"."contype" = 'f' AND (("ns"."nspname" = 'public' AND "cl"."relname" = 'users') OR ("ns"."nspname" = 'public' AND "cl"."relname" = 'submissions') OR ("ns"."nspname" = 'public' AND "cl"."relname" = 'final_scores') OR ("ns"."nspname" = 'public' AND "cl"."relname" = 'audit_logs')) ) "con" INNER JOIN "pg_attribute" "att" ON "att"."attrelid" = "con"."confrelid" AND "att"."attnum" = "con"."child" INNER JOIN "pg_class" "cl" ON "cl"."oid" = "con"."confrelid"  AND "cl"."relispartition" = 'f'INNER JOIN "pg_namespace" "ns" ON "cl"."relnamespace" = "ns"."oid" INNER JOIN "pg_attribute" "att2" ON "att2"."attrelid" = "con"."conrelid" AND "att2"."attnum" = "con"."parent"
query: SELECT "udt_schema", "udt_name" FROM "information_schema"."columns" WHERE "table_schema" = 'public' AND "table_name" = 'users' AND "column_name"='role'
query: SELECT "udt_schema", "udt_name" FROM "information_schema"."columns" WHERE "table_schema" = 'public' AND "table_name" = 'submissions' AND "column_name"='review_comments'
query: SELECT "udt_schema", "udt_name" FROM "information_schema"."columns" WHERE "table_schema" = 'public' AND "table_name" = 'submissions' AND "column_name"='attached_files'
query: SELECT "udt_schema", "udt_name" FROM "information_schema"."columns" WHERE "table_schema" = 'public' AND "table_name" = 'submissions' AND "column_name"='status'
query: SELECT "udt_schema", "udt_name" FROM "information_schema"."columns" WHERE "table_schema" = 'public' AND "table_name" = 'submissions' AND "column_name"='current_owner_role'
query: SELECT "udt_schema", "udt_name" FROM "information_schema"."columns" WHERE "table_schema" = 'public' AND "table_name" = 'audit_logs' AND "column_name"='userRole'
query: SELECT "e"."enumlabel" AS "value" FROM "pg_enum" "e" INNER JOIN "pg_type" "t" ON "t"."oid" = "e"."enumtypid" INNER JOIN "pg_namespace" "n" ON "n"."oid" = "t"."typnamespace" WHERE "n"."nspname" = 'public' AND "t"."typname" = 'users_role_enum'
query: SELECT "e"."enumlabel" AS "value" FROM "pg_enum" "e" INNER JOIN "pg_type" "t" ON "t"."oid" = "e"."enumtypid" INNER JOIN "pg_namespace" "n" ON "n"."oid" = "t"."typnamespace" WHERE "n"."nspname" = 'public' AND "t"."typname" = 'jsonb'
query: SELECT "e"."enumlabel" AS "value" FROM "pg_enum" "e" INNER JOIN "pg_type" "t" ON "t"."oid" = "e"."enumtypid" INNER JOIN "pg_namespace" "n" ON "n"."oid" = "t"."typnamespace" WHERE "n"."nspname" = 'public' AND "t"."typname" = 'jsonb'
query: SELECT "e"."enumlabel" AS "value" FROM "pg_enum" "e" INNER JOIN "pg_type" "t" ON "t"."oid" = "e"."enumtypid" INNER JOIN "pg_namespace" "n" ON "n"."oid" = "t"."typnamespace" WHERE "n"."nspname" = 'public' AND "t"."typname" = 'submissions_status_enum'
query: SELECT "e"."enumlabel" AS "value" FROM "pg_enum" "e" INNER JOIN "pg_type" "t" ON "t"."oid" = "e"."enumtypid" INNER JOIN "pg_namespace" "n" ON "n"."oid" = "t"."typnamespace" WHERE "n"."nspname" = 'public' AND "t"."typname" = 'submissions_current_owner_role_enum'
query: SELECT "e"."enumlabel" AS "value" FROM "pg_enum" "e" INNER JOIN "pg_type" "t" ON "t"."oid" = "e"."enumtypid" INNER JOIN "pg_namespace" "n" ON "n"."oid" = "t"."typnamespace" WHERE "n"."nspname" = 'public' AND "t"."typname" = 'audit_logs_userrole_enum'
query: SELECT * FROM "information_schema"."tables" WHERE "table_schema" = 'public' AND "table_name" = 'typeorm_metadata'
query: COMMIT
[Nest] 47456  - 10/11/2025, 8:51:33 PM     LOG [InstanceLoader] TypeOrmCoreModule dependencies initialized +156ms
[Nest] 47456  - 10/11/2025, 8:51:33 PM     LOG [InstanceLoader] AppModule dependencies initialized +1ms
[Nest] 47456  - 10/11/2025, 8:51:33 PM     LOG [InstanceLoader] TypeOrmModule dependencies initialized +0ms
[Nest] 47456  - 10/11/2025, 8:51:33 PM     LOG [InstanceLoader] TypeOrmModule dependencies initialized +0ms
[Nest] 47456  - 10/11/2025, 8:51:33 PM     LOG [InstanceLoader] TypeOrmModule dependencies initialized +0ms
[Nest] 47456  - 10/11/2025, 8:51:33 PM     LOG [InstanceLoader] TypeOrmModule dependencies initialized +0ms
[Nest] 47456  - 10/11/2025, 8:51:33 PM     LOG [InstanceLoader] TypeOrmModule dependencies initialized +0ms
[Nest] 47456  - 10/11/2025, 8:51:33 PM     LOG [InstanceLoader] ScoringModule dependencies initialized +0ms
[Nest] 47456  - 10/11/2025, 8:51:33 PM     LOG [InstanceLoader] UserModule dependencies initialized +1ms
[Nest] 47456  - 10/11/2025, 8:51:33 PM     LOG [InstanceLoader] AuditModule dependencies initialized +0ms
[Nest] 47456  - 10/11/2025, 8:51:33 PM     LOG [InstanceLoader] DashboardModule dependencies initialized +0ms
[Nest] 47456  - 10/11/2025, 8:51:33 PM     LOG [InstanceLoader] ReportModule dependencies initialized +0ms
[Nest] 47456  - 10/11/2025, 8:51:33 PM     LOG [InstanceLoader] AuthModule dependencies initialized +0ms
[Nest] 47456  - 10/11/2025, 8:51:33 PM     LOG [InstanceLoader] SubmissionModule dependencies initialized +0ms
🔍 Verifying database connection...
query: SELECT 1 as test
✅ Database connection verified successfully
query: 
      SELECT table_name 
      FROM information_schema.tables 
      WHERE table_schema = 'public' 
      AND table_name IN ('users', 'submissions', 'audit_logs', 'final_scores')
    
📊 Found 4 required tables in database
🌐 Starting HTTP server on port 3000...
[Nest] 47456  - 10/11/2025, 8:51:33 PM     LOG [RoutesResolver] AppController {/}: +28ms
[Nest] 47456  - 10/11/2025, 8:51:33 PM     LOG [RouterExplorer] Mapped {/, GET} route +1ms
[Nest] 47456  - 10/11/2025, 8:51:33 PM     LOG [RouterExplorer] Mapped {/health, GET} route +0ms
[Nest] 47456  - 10/11/2025, 8:51:33 PM     LOG [RoutesResolver] AuthController {/auth}: +0ms
[Nest] 47456  - 10/11/2025, 8:51:33 PM     LOG [RouterExplorer] Mapped {/auth/register, POST} route +1ms
[Nest] 47456  - 10/11/2025, 8:51:33 PM     LOG [RouterExplorer] Mapped {/auth/login, POST} route +0ms
[Nest] 47456  - 10/11/2025, 8:51:33 PM     LOG [RouterExplorer] Mapped {/auth/profile, GET} route +0ms
[Nest] 47456  - 10/11/2025, 8:51:33 PM     LOG [RouterExplorer] Mapped {/auth/change-password, PUT} route +0ms
[Nest] 47456  - 10/11/2025, 8:51:33 PM     LOG [RouterExplorer] Mapped {/auth/test-admin, GET} route +1ms
[Nest] 47456  - 10/11/2025, 8:51:33 PM     LOG [RoutesResolver] UserController {/users}: +0ms
[Nest] 47456  - 10/11/2025, 8:51:33 PM     LOG [RouterExplorer] Mapped {/users, GET} route +0ms
[Nest] 47456  - 10/11/2025, 8:51:33 PM     LOG [RouterExplorer] Mapped {/users/by-state/:stateUt, GET} route +0ms
[Nest] 47456  - 10/11/2025, 8:51:33 PM     LOG [RouterExplorer] Mapped {/users/by-role/:role, GET} route +0ms
[Nest] 47456  - 10/11/2025, 8:51:33 PM     LOG [RouterExplorer] Mapped {/users/:id, GET} route +1ms
[Nest] 47456  - 10/11/2025, 8:51:33 PM     LOG [RouterExplorer] Mapped {/users/:id, PATCH} route +0ms
[Nest] 47456  - 10/11/2025, 8:51:33 PM     LOG [RouterExplorer] Mapped {/users/:id, DELETE} route +0ms
[Nest] 47456  - 10/11/2025, 8:51:33 PM     LOG [RoutesResolver] SubmissionController {/submission}: +0ms
[Nest] 47456  - 10/11/2025, 8:51:33 PM     LOG [RouterExplorer] Mapped {/submission, POST} route +0ms
[Nest] 47456  - 10/11/2025, 8:51:33 PM     LOG [RouterExplorer] Mapped {/submission, GET} route +0ms
[Nest] 47456  - 10/11/2025, 8:51:33 PM     LOG [RouterExplorer] Mapped {/submission/:id, GET} route +0ms
[Nest] 47456  - 10/11/2025, 8:51:33 PM     LOG [RouterExplorer] Mapped {/submission/:id, PATCH} route +0ms
[Nest] 47456  - 10/11/2025, 8:51:33 PM     LOG [RouterExplorer] Mapped {/submission/:id/comment, POST} route +0ms
[Nest] 47456  - 10/11/2025, 8:51:33 PM     LOG [RouterExplorer] Mapped {/submission/forward-to-mospi/:id, POST} route +0ms
[Nest] 47456  - 10/11/2025, 8:51:33 PM     LOG [RouterExplorer] Mapped {/submission/test-forward/:id, POST} route +0ms
[Nest] 47456  - 10/11/2025, 8:51:33 PM     LOG [RouterExplorer] Mapped {/submission/state-reject/:id, POST} route +0ms
[Nest] 47456  - 10/11/2025, 8:51:33 PM     LOG [RouterExplorer] Mapped {/submission/final-reject/:id, POST} route +1ms
[Nest] 47456  - 10/11/2025, 8:51:33 PM     LOG [RouterExplorer] Mapped {/submission/resubmit/:id, POST} route +0ms
[Nest] 47456  - 10/11/2025, 8:51:33 PM     LOG [RouterExplorer] Mapped {/submission/submit-to-state/:id, POST} route +0ms
[Nest] 47456  - 10/11/2025, 8:51:33 PM     LOG [RouterExplorer] Mapped {/submission/approve/:id, POST} route +0ms
[Nest] 47456  - 10/11/2025, 8:51:33 PM     LOG [RoutesResolver] StorageController {/file}: +0ms
[Nest] 47456  - 10/11/2025, 8:51:33 PM     LOG [RouterExplorer] Mapped {/file/upload/:submissionId, POST} route +0ms
[Nest] 47456  - 10/11/2025, 8:51:33 PM     LOG [RouterExplorer] Mapped {/file/upload-multiple/:submissionId, POST} route +0ms
[Nest] 47456  - 10/11/2025, 8:51:33 PM     LOG [RouterExplorer] Mapped {/file/:filePath, DELETE} route +0ms
[Nest] 47456  - 10/11/2025, 8:51:33 PM     LOG [RouterExplorer] Mapped {/file/url/:filePath, GET} route +0ms
[Nest] 47456  - 10/11/2025, 8:51:33 PM     LOG [RouterExplorer] Mapped {/file/storage-info, GET} route +0ms
[Nest] 47456  - 10/11/2025, 8:51:33 PM     LOG [RoutesResolver] AuditController {/audit}: +0ms
[Nest] 47456  - 10/11/2025, 8:51:33 PM     LOG [RouterExplorer] Mapped {/audit, GET} route +0ms
[Nest] 47456  - 10/11/2025, 8:51:33 PM     LOG [RouterExplorer] Mapped {/audit/entity/:entityType/:entityId, GET} route +0ms
[Nest] 47456  - 10/11/2025, 8:51:33 PM     LOG [RouterExplorer] Mapped {/audit/user/:userId, GET} route +1ms
[Nest] 47456  - 10/11/2025, 8:51:33 PM     LOG [RouterExplorer] Mapped {/audit/stats, GET} route +0ms
[Nest] 47456  - 10/11/2025, 8:51:33 PM     LOG [RouterExplorer] Mapped {/audit/my-activity, GET} route +0ms
[Nest] 47456  - 10/11/2025, 8:51:33 PM     LOG [RoutesResolver] DashboardController {/dashboard}: +0ms
[Nest] 47456  - 10/11/2025, 8:51:33 PM     LOG [RouterExplorer] Mapped {/dashboard/summary, GET} route +0ms
[Nest] 47456  - 10/11/2025, 8:51:33 PM     LOG [RouterExplorer] Mapped {/dashboard/kpis, GET} route +0ms
[Nest] 47456  - 10/11/2025, 8:51:33 PM     LOG [RoutesResolver] ReportController {/report}: +0ms
[Nest] 47456  - 10/11/2025, 8:51:33 PM     LOG [RouterExplorer] Mapped {/report/ranking, GET} route +0ms
[Nest] 47456  - 10/11/2025, 8:51:33 PM     LOG [RouterExplorer] Mapped {/report/full-report, GET} route +0ms
[Nest] 47456  - 10/11/2025, 8:51:33 PM     LOG [RouterExplorer] Mapped {/report/state/:stateUt, GET} route +0ms
[Nest] 47456  - 10/11/2025, 8:51:33 PM     LOG [RouterExplorer] Mapped {/report/export, GET} route +0ms
[Nest] 47456  - 10/11/2025, 8:51:33 PM     LOG [RouterExplorer] Mapped {/report/submission-status, GET} route +0ms
[Nest] 47456  - 10/11/2025, 8:51:33 PM     LOG [NestApplication] Nest application successfully started +2ms
[Nest] 47456  - 10/11/2025, 8:51:33 PM   ERROR [NestApplication] Error: listen EADDRINUSE: address already in use :::3000 +1ms
💥 Application startup failed: Error: listen EADDRINUSE: address already in use :::3000
    at __node_internal_captureLargerStackTrace (node:internal/errors:496:5)
    at __node_internal_uvExceptionWithHostPort (node:internal/errors:593:12)
    at Server.setupListenHandle [as _listen2] (node:net:1817:16)
    at listenInCluster (node:net:1865:12)
    at Server.listen (node:net:1953:7)
    at ExpressAdapter.listen (/Users/vishu/Public/Git Workspace Projects/Niri-Dev/niri-backend/node_modules/@nestjs/platform-express/adapters/express-adapter.js:95:32)
    at /Users/vishu/Public/Git Workspace Projects/Niri-Dev/niri-backend/node_modules/@nestjs/core/nest-application.js:183:30
    at new Promise (<anonymous>)
    at NestApplication.listen (/Users/vishu/Public/Git Workspace Projects/Niri-Dev/niri-backend/node_modules/@nestjs/core/nest-application.js:173:16)
    at process.processTicksAndRejections (node:internal/process/task_queues:95:5)
    at bootstrap (/Users/vishu/Public/Git Workspace Projects/Niri-Dev/niri-backend/src/main.ts:73:3) {
  code: 'EADDRINUSE',
  errno: -48,
  syscall: 'listen',
  address: '::',
  port: 3000
}
